// Jest Snapshot v1, https://goo.gl/fbAQLP

exports[`VideoItem component should match a snapshot 1`] = `
Array [
  <div
    aria-disabled={false}
    className="MuiButtonBase-root MuiListItem-root MuiListItem-gutters MuiListItem-button"
    data-test="button"
    onBlur={[Function]}
    onClick={[Function]}
    onDragLeave={[Function]}
    onFocus={[Function]}
    onKeyDown={[Function]}
    onKeyUp={[Function]}
    onMouseDown={[Function]}
    onMouseLeave={[Function]}
    onMouseUp={[Function]}
    onTouchEnd={[Function]}
    onTouchMove={[Function]}
    onTouchStart={[Function]}
    role="button"
    tabIndex={0}
  >
    <div
      className="MuiGrid-root VideoItem-gridContainer-1 MuiGrid-container MuiGrid-spacing-xs-2"
    >
      <div
        className="MuiGrid-root MuiGrid-item MuiGrid-grid-xs-8"
      >
        <div
          className="VideoItem-imgContainer-2"
        >
          <img
            alt="test-title-1245766"
            className="VideoItem-img-3"
            src="test-g6373.img"
          />
        </div>
      </div>
      <div
        className="MuiGrid-root MuiGrid-item MuiGrid-grid-xs-4"
      >
        <h2
          className="MuiTypography-root MuiTypography-body1 MuiTypography-colorTextPrimary MuiTypography-noWrap"
        >
          test-title-1245766
        </h2>
        <div
          className="MuiTypography-root MuiTypography-body2 MuiTypography-colorTextSecondary MuiTypography-noWrap"
        >
          test-channel-76478347834
        </div>
      </div>
    </div>
  </div>,
  <hr
    className="MuiDivider-root"
  />,
]
`;
