// Jest Snapshot v1, https://goo.gl/fbAQLP

exports[`<NavBar/> should match a snapshot 1`] = `
<header
  className="MuiPaper-root MuiPaper-elevation1 MuiAppBar-root MuiAppBar-positionFixed NavBar-navBar-1 MuiAppBar-colorPrimary mui-fixed"
>
  <div
    className="MuiContainer-root MuiContainer-maxWidthLg"
  >
    <div
      className="MuiToolbar-root MuiToolbar-regular MuiToolbar-gutters"
    >
      <svg
        aria-hidden="true"
        className="MuiSvgIcon-root NavBar-youtube-4"
        focusable="false"
        role="presentation"
        viewBox="0 0 24 24"
      >
        <path
          d="M10 15l5.19-3L10 9v6m11.56-7.83c.13.47.22 1.1.28 1.9.07.8.1 1.49.1 2.09L22 12c0 2.19-.16 3.8-.44 4.83-.25.9-.83 1.48-1.73 1.73-.47.13-1.33.22-2.65.28-1.3.07-2.49.1-3.59.1L12 19c-4.19 0-6.8-.16-7.83-.44-.9-.25-1.48-.83-1.73-1.73-.13-.47-.22-1.1-.28-1.9-.07-.8-.1-1.49-.1-2.09L2 12c0-2.19.16-3.8.44-4.83.25-.9.83-1.48 1.73-1.73.47-.13 1.33-.22 2.65-.28 1.3-.07 2.49-.1 3.59-.1L12 5c4.19 0 6.8.16 7.83.44.9.25 1.48.83 1.73 1.73z"
        />
      </svg>
      <h6
        className="MuiTypography-root NavBar-title-5 MuiTypography-h6 MuiTypography-noWrap"
      >
        Youtube Videos
      </h6>
      <form
        className="SearchBox-search-92"
        onSubmit={[Function]}
      >
        <div
          className="SearchBox-searchIcon-93"
        >
          <svg
            aria-hidden="true"
            className="MuiSvgIcon-root"
            focusable="false"
            role="presentation"
            viewBox="0 0 24 24"
          >
            <path
              d="M15.5 14h-.79l-.28-.27C15.41 12.59 16 11.11 16 9.5 16 5.91 13.09 3 9.5 3S3 5.91 3 9.5 5.91 16 9.5 16c1.61 0 3.09-.59 4.23-1.57l.27.28v.79l5 4.99L20.49 19l-4.99-5zm-6 0C7.01 14 5 11.99 5 9.5S7.01 5 9.5 5 14 7.01 14 9.5 11.99 14 9.5 14z"
            />
          </svg>
        </div>
        <div
          className="MuiInputBase-root SearchBox-inputRoot-94"
          onClick={[Function]}
        >
          <input
            aria-label="search"
            className="MuiInputBase-input SearchBox-inputInput-95"
            onAnimationStart={[Function]}
            onBlur={[Function]}
            onChange={[Function]}
            onFocus={[Function]}
            placeholder="Searchâ€¦"
            type="text"
            value=""
          />
        </div>
      </form>
    </div>
  </div>
</header>
`;
